// Vitest Snapshot v1, https://vitest.dev/guide/snapshot.html

exports[`compileSync > babel > using default props should match snapshot 1`] = `
"
  .üêª-399577506 { text-decoration: line-through;color: green;font-size: 16px; }
  
  import { Box as __Box } from \\"@kuma-ui/core\\";
import __KUMA_REACT__ from \\"react\\";
import { Text } from '@kuma-ui/core';
function App() {
  return <p className={\\"üêª-399577506\\"} />;
}
  "
`;

exports[`compileSync > babel > using default props with inline props should match snapshot 1`] = `
"
  .üêª-2811265315 { text-decoration: line-through;color: blue;font-size: 12px; }
  
  import { Box as __Box } from \\"@kuma-ui/core\\";
import __KUMA_REACT__ from \\"react\\";
import { Text } from '@kuma-ui/core';
function App() {
  return <p className={\\"üêª-2811265315\\"} />;
}
  "
`;

exports[`compileSync > wasm > using default props should match snapshot 1`] = `
"
  .üêª-399577506 { text-decoration: line-through;color: green;font-size: 16px; }
  
  import {Box as __Box} from '@kuma-ui/core';import __KUMA_REACT__ from 'react';import {Text} from '@kuma-ui/core';function App(){return <p className={\\"üêª-399577506\\"}/>}
  "
`;

exports[`compileSync > wasm > using default props with inline props should match snapshot 1`] = `
"
  .üêª-2811265315 { text-decoration: line-through;color: blue;font-size: 12px; }
  
  import {Box as __Box} from '@kuma-ui/core';import __KUMA_REACT__ from 'react';import {Text} from '@kuma-ui/core';function App(){return <p className={\\"üêª-2811265315\\"}/>}
  "
`;
