// Vitest Snapshot v1, https://vitest.dev/guide/snapshot.html

exports[`styled tag > should generate code 1`] = `
"
  
  
  
        import { styled } from \\"@kuma-ui/core\\";
        
        export const GreenButton = __KUMA_REACT__.forwardRef((props, ref) => {
              const combinedClassName = [props.className, \\"🐻-3239996223\\"].filter(Boolean).join(\\" \\");
              return <Box as=\\"button\\" {...props} ref={ref} className={combinedClassName} IS_KUMA_DEFAULT />;
            })
        export const GreenButtonRedText = __KUMA_REACT__.forwardRef((props, ref) => {
              const combinedClassName = [props.className, \\"🐻-1641059616\\"].filter(Boolean).join(\\" \\");
              return <GreenButton {...props} ref={ref} className={combinedClassName} IS_KUMA_DEFAULT />;
            })
    
  "
`;

exports[`styled tag > should only touch 'styled' tag from kuma-ui 1`] = `
"
  
  
  
        import { styled as kuma } from \\"@kuma-ui/core\\";
        import styled from \\"styled-components\\";
        
        export const One = styled.div\`
          color: green;
        \`
        export const Two = __KUMA_REACT__.forwardRef((props, ref) => {
              const combinedClassName = [props.className, \\"🐻-1641059616\\"].filter(Boolean).join(\\" \\");
              return <Box as=\\"div\\" {...props} ref={ref} className={combinedClassName} IS_KUMA_DEFAULT />;
            })
    
  "
`;
